
renuka_kulkarni@PSL-6KHCDN3 MINGW64 ~
$ git version
git version 2.37.0.windows.1

renuka_kulkarni@PSL-6KHCDN3 MINGW64 ~
$ git config --global user.name "Renuka"

renuka_kulkarni@PSL-6KHCDN3 MINGW64 ~
$ git config --global user.email "renuka_persistent.com"

renuka_kulkarni@PSL-6KHCDN3 MINGW64 ~
$ git config --global core.editor "Notepad++"

renuka_kulkarni@PSL-6KHCDN3 MINGW64 ~
$ git config --list
diff.astextplain.textconv=astextplain
filter.lfs.clean=git-lfs clean -- %f
filter.lfs.smudge=git-lfs smudge -- %f
filter.lfs.process=git-lfs filter-process
filter.lfs.required=true
http.sslbackend=openssl
http.sslcainfo=C:/Program Files/Git/mingw64/ssl/certs/ca-bundle.crt
core.autocrlf=true
core.fscache=true
core.symlinks=false
pull.rebase=false
credential.helper=manager-core
credential.https://dev.azure.com.usehttppath=true
init.defaultbranch=master
user.name=Renuka
user.email=renuka_persistent.com
core.editor=Notepad++
filter.lfs.smudge=git-lfs smudge -- %f
filter.lfs.process=git-lfs filter-process
filter.lfs.required=true
filter.lfs.clean=git-lfs clean -- %f

renuka_kulkarni@PSL-6KHCDN3 MINGW64 ~
$ d:
bash: d:: command not found

renuka_kulkarni@PSL-6KHCDN3 MINGW64 ~
$ cd d:

renuka_kulkarni@PSL-6KHCDN3 MINGW64 /d
$ cd \RBTs\RBTGit21Jul2
bash: cd: RBTsRBTGit21Jul2: No such file or directory

renuka_kulkarni@PSL-6KHCDN3 MINGW64 /d
$ cd RBTs/RBT
RBT10May23/        RBT3Jul23/         RBTGit21Jul23/     RBTSelenium28Mar/
RBT17April23/      RBT5June23/        RBTSelenium27Feb/  RBTSelenium6Jul23/

renuka_kulkarni@PSL-6KHCDN3 MINGW64 /d
$ cd RBTs/RBTGit21Jul23/\
> ^C

renuka_kulkarni@PSL-6KHCDN3 MINGW64 /d
$ cd RBTs/RBTGit21Jul23/

renuka_kulkarni@PSL-6KHCDN3 MINGW64 /d/RBTs/RBTGit21Jul23
$ git init
Initialized empty Git repository in D:/RBTs/RBTGit21Jul23/.git/

renuka_kulkarni@PSL-6KHCDN3 MINGW64 /d/RBTs/RBTGit21Jul23 (master)
$ git status
On branch master

No commits yet

Untracked files:
  (use "git add <file>..." to include in what will be committed)
        File1.txt

nothing added to commit but untracked files present (use "git add" to track)

renuka_kulkarni@PSL-6KHCDN3 MINGW64 /d/RBTs/RBTGit21Jul23 (master)
$ git add File1.txt

renuka_kulkarni@PSL-6KHCDN3 MINGW64 /d/RBTs/RBTGit21Jul23 (master)
$ git status
On branch master

No commits yet

Changes to be committed:
  (use "git rm --cached <file>..." to unstage)
        new file:   File1.txt


renuka_kulkarni@PSL-6KHCDN3 MINGW64 /d/RBTs/RBTGit21Jul23 (master)
$ git commit -m "WI1: File1 is added with Welcome message."
[master (root-commit) f30d6cb] WI1: File1 is added with Welcome message.
 1 file changed, 1 insertion(+)
 create mode 100644 File1.txt

renuka_kulkarni@PSL-6KHCDN3 MINGW64 /d/RBTs/RBTGit21Jul23 (master)
$ git status
On branch master
nothing to commit, working tree clean

renuka_kulkarni@PSL-6KHCDN3 MINGW64 /d/RBTs/RBTGit21Jul23 (master)
$ git log
commit f30d6cbb60749a334307312cf743dbf96c20983f (HEAD -> master)
Author: Renuka <renuka_persistent.com>
Date:   Fri Jul 21 15:28:14 2023 +0530

    WI1: File1 is added with Welcome message.

renuka_kulkarni@PSL-6KHCDN3 MINGW64 /d/RBTs/RBTGit21Jul23 (master)
$ git status
On branch master
Changes not staged for commit:
  (use "git add <file>..." to update what will be committed)
  (use "git restore <file>..." to discard changes in working directory)
        modified:   File1.txt

no changes added to commit (use "git add" and/or "git commit -a")

renuka_kulkarni@PSL-6KHCDN3 MINGW64 /d/RBTs/RBTGit21Jul23 (master)
$ git add .

renuka_kulkarni@PSL-6KHCDN3 MINGW64 /d/RBTs/RBTGit21Jul23 (master)
$ git status
On branch master
Changes to be committed:
  (use "git restore --staged <file>..." to unstage)
        modified:   File1.txt


renuka_kulkarni@PSL-6KHCDN3 MINGW64 /d/RBTs/RBTGit21Jul23 (master)
$ git log
commit f30d6cbb60749a334307312cf743dbf96c20983f (HEAD -> master)
Author: Renuka <renuka_persistent.com>
Date:   Fri Jul 21 15:28:14 2023 +0530

    WI1: File1 is added with Welcome message.

renuka_kulkarni@PSL-6KHCDN3 MINGW64 /d/RBTs/RBTGit21Jul23 (master)
$ git commit -m "WI1: File1 updated with Day1 session details."
[master a2d3d07] WI1: File1 updated with Day1 session details.
 1 file changed, 2 insertions(+), 1 deletion(-)

renuka_kulkarni@PSL-6KHCDN3 MINGW64 /d/RBTs/RBTGit21Jul23 (master)
$ git log
commit a2d3d07f03581d1ca2629f72ce63188250da1d9e (HEAD -> master)
Author: Renuka <renuka_persistent.com>
Date:   Fri Jul 21 15:45:30 2023 +0530

    WI1: File1 updated with Day1 session details.

commit f30d6cbb60749a334307312cf743dbf96c20983f
Author: Renuka <renuka_persistent.com>
Date:   Fri Jul 21 15:28:14 2023 +0530

    WI1: File1 is added with Welcome message.

renuka_kulkarni@PSL-6KHCDN3 MINGW64 /d/RBTs/RBTGit21Jul23 (master)
$ git status
On branch master
Untracked files:
  (use "git add <file>..." to include in what will be committed)
        A.jar

nothing added to commit but untracked files present (use "git add" to track)

renuka_kulkarni@PSL-6KHCDN3 MINGW64 /d/RBTs/RBTGit21Jul23 (master)
$ git status
On branch master
Untracked files:
  (use "git add <file>..." to include in what will be committed)
        A.jar
        Logs Day 1.txt

nothing added to commit but untracked files present (use "git add" to track)

renuka_kulkarni@PSL-6KHCDN3 MINGW64 /d/RBTs/RBTGit21Jul23 (master)
$ git status
On branch master
Untracked files:
  (use "git add <file>..." to include in what will be committed)
        .gitignore
        Logs Day 1.txt

nothing added to commit but untracked files present (use "git add" to track)

renuka_kulkarni@PSL-6KHCDN3 MINGW64 /d/RBTs/RBTGit21Jul23 (master)
$ git status
On branch master
Untracked files:
  (use "git add <file>..." to include in what will be committed)
        .gitignore
        Logs Day 1.txt
        Logs Day 2.txt
        Logs Day 3.txt

nothing added to commit but untracked files present (use "git add" to track)

renuka_kulkarni@PSL-6KHCDN3 MINGW64 /d/RBTs/RBTGit21Jul23 (master)
$ git status
On branch master
Untracked files:
  (use "git add <file>..." to include in what will be committed)
        .gitignore

nothing added to commit but untracked files present (use "git add" to track)

renuka_kulkarni@PSL-6KHCDN3 MINGW64 /d/RBTs/RBTGit21Jul23 (master)
$ git add .

renuka_kulkarni@PSL-6KHCDN3 MINGW64 /d/RBTs/RBTGit21Jul23 (master)
$ git commit -m "Config: Added gitIgnore file."
[master e1dbcd6] Config: Added gitIgnore file.
 1 file changed, 2 insertions(+)
 create mode 100644 .gitignore

renuka_kulkarni@PSL-6KHCDN3 MINGW64 /d/RBTs/RBTGit21Jul23 (master)
$ git status
On branch master
nothing to commit, working tree clean

renuka_kulkarni@PSL-6KHCDN3 MINGW64 /d/RBTs/RBTGit21Jul23 (master)
$ git log
commit e1dbcd6448ee5e1d90787e6ccf6350d4973d7467 (HEAD -> master)
Author: Renuka <renuka_persistent.com>
Date:   Fri Jul 21 15:53:01 2023 +0530

    Config: Added gitIgnore file.

commit a2d3d07f03581d1ca2629f72ce63188250da1d9e
Author: Renuka <renuka_persistent.com>
Date:   Fri Jul 21 15:45:30 2023 +0530

    WI1: File1 updated with Day1 session details.

commit f30d6cbb60749a334307312cf743dbf96c20983f
Author: Renuka <renuka_persistent.com>
Date:   Fri Jul 21 15:28:14 2023 +0530

    WI1: File1 is added with Welcome message.

renuka_kulkarni@PSL-6KHCDN3 MINGW64 /d/RBTs/RBTGit21Jul23 (master)
$ git add .

renuka_kulkarni@PSL-6KHCDN3 MINGW64 /d/RBTs/RBTGit21Jul23 (master)
$ git commit
hint: Waiting for your editor to close the file... error: cannot spawn Notepad++: No such file or directory
error: unable to start editor 'Notepad++'
Please supply the message using either -m or -F option.

renuka_kulkarni@PSL-6KHCDN3 MINGW64 /d/RBTs/RBTGit21Jul23 (master)
$ git config --global core.editor "Notepad"

renuka_kulkarni@PSL-6KHCDN3 MINGW64 /d/RBTs/RBTGit21Jul23 (master)
$ git status
On branch master
Changes to be committed:
  (use "git restore --staged <file>..." to unstage)
        modified:   File1.txt


renuka_kulkarni@PSL-6KHCDN3 MINGW64 /d/RBTs/RBTGit21Jul23 (master)
$ git commit
hint: Waiting for your editor to close the file... unix2dos: converting file D:/RBTs/RBTGit21Jul23/.git/COMMIT_EDITMSG to DOS format...
dos2unix: converting file D:/RBTs/RBTGit21Jul23/.git/COMMIT_EDITMSG to Unix format...
[master 38d154e] WI2:File1 updated with Day2 & 3 details.
 1 file changed, 2 insertions(+), 1 deletion(-)

renuka_kulkarni@PSL-6KHCDN3 MINGW64 /d/RBTs/RBTGit21Jul23 (master)
$ git log
commit 38d154e11290cba734a8c2f0dec38dec1cfbcdca (HEAD -> master)
Author: Renuka <renuka_persistent.com>
Date:   Fri Jul 21 16:20:15 2023 +0530

    WI2:File1 updated with Day2 & 3 details.

commit e1dbcd6448ee5e1d90787e6ccf6350d4973d7467
Author: Renuka <renuka_persistent.com>
Date:   Fri Jul 21 15:53:01 2023 +0530

    Config: Added gitIgnore file.

commit a2d3d07f03581d1ca2629f72ce63188250da1d9e
Author: Renuka <renuka_persistent.com>
Date:   Fri Jul 21 15:45:30 2023 +0530

    WI1: File1 updated with Day1 session details.

commit f30d6cbb60749a334307312cf743dbf96c20983f
Author: Renuka <renuka_persistent.com>
Date:   Fri Jul 21 15:28:14 2023 +0530

    WI1: File1 is added with Welcome message.

renuka_kulkarni@PSL-6KHCDN3 MINGW64 /d/RBTs/RBTGit21Jul23 (master)
$ git log -2
commit 38d154e11290cba734a8c2f0dec38dec1cfbcdca (HEAD -> master)
Author: Renuka <renuka_persistent.com>
Date:   Fri Jul 21 16:20:15 2023 +0530

    WI2:File1 updated with Day2 & 3 details.

commit e1dbcd6448ee5e1d90787e6ccf6350d4973d7467
Author: Renuka <renuka_persistent.com>
Date:   Fri Jul 21 15:53:01 2023 +0530

    Config: Added gitIgnore file.

renuka_kulkarni@PSL-6KHCDN3 MINGW64 /d/RBTs/RBTGit21Jul23 (master)
$ git log -3
commit 38d154e11290cba734a8c2f0dec38dec1cfbcdca (HEAD -> master)
Author: Renuka <renuka_persistent.com>
Date:   Fri Jul 21 16:20:15 2023 +0530

    WI2:File1 updated with Day2 & 3 details.

commit e1dbcd6448ee5e1d90787e6ccf6350d4973d7467
Author: Renuka <renuka_persistent.com>
Date:   Fri Jul 21 15:53:01 2023 +0530

    Config: Added gitIgnore file.

commit a2d3d07f03581d1ca2629f72ce63188250da1d9e
Author: Renuka <renuka_persistent.com>
Date:   Fri Jul 21 15:45:30 2023 +0530

    WI1: File1 updated with Day1 session details.

renuka_kulkarni@PSL-6KHCDN3 MINGW64 /d/RBTs/RBTGit21Jul23 (master)
$ git log --oneline
38d154e (HEAD -> master) WI2:File1 updated with Day2 & 3 details.
e1dbcd6 Config: Added gitIgnore file.
a2d3d07 WI1: File1 updated with Day1 session details.
f30d6cb WI1: File1 is added with Welcome message.

renuka_kulkarni@PSL-6KHCDN3 MINGW64 /d/RBTs/RBTGit21Jul23 (master)
$ git log --oneline -2
38d154e (HEAD -> master) WI2:File1 updated with Day2 & 3 details.
e1dbcd6 Config: Added gitIgnore file.

renuka_kulkarni@PSL-6KHCDN3 MINGW64 /d/RBTs/RBTGit21Jul23 (master)
$ git log --author="Renuka"
commit 38d154e11290cba734a8c2f0dec38dec1cfbcdca (HEAD -> master)
Author: Renuka <renuka_persistent.com>
Date:   Fri Jul 21 16:20:15 2023 +0530

    WI2:File1 updated with Day2 & 3 details.

commit e1dbcd6448ee5e1d90787e6ccf6350d4973d7467
Author: Renuka <renuka_persistent.com>
Date:   Fri Jul 21 15:53:01 2023 +0530

    Config: Added gitIgnore file.

commit a2d3d07f03581d1ca2629f72ce63188250da1d9e
Author: Renuka <renuka_persistent.com>
Date:   Fri Jul 21 15:45:30 2023 +0530

    WI1: File1 updated with Day1 session details.

commit f30d6cbb60749a334307312cf743dbf96c20983f
Author: Renuka <renuka_persistent.com>
Date:   Fri Jul 21 15:28:14 2023 +0530

    WI1: File1 is added with Welcome message.

renuka_kulkarni@PSL-6KHCDN3 MINGW64 /d/RBTs/RBTGit21Jul23 (master)
$ git log --author="Renuka" --oneline
38d154e (HEAD -> master) WI2:File1 updated with Day2 & 3 details.
e1dbcd6 Config: Added gitIgnore file.
a2d3d07 WI1: File1 updated with Day1 session details.
f30d6cb WI1: File1 is added with Welcome message.

renuka_kulkarni@PSL-6KHCDN3 MINGW64 /d/RBTs/RBTGit21Jul23 (master)
$ git log --since="20/07/2023"
commit 38d154e11290cba734a8c2f0dec38dec1cfbcdca (HEAD -> master)
Author: Renuka <renuka_persistent.com>
Date:   Fri Jul 21 16:20:15 2023 +0530

    WI2:File1 updated with Day2 & 3 details.

commit e1dbcd6448ee5e1d90787e6ccf6350d4973d7467
Author: Renuka <renuka_persistent.com>
Date:   Fri Jul 21 15:53:01 2023 +0530

    Config: Added gitIgnore file.

commit a2d3d07f03581d1ca2629f72ce63188250da1d9e
Author: Renuka <renuka_persistent.com>
Date:   Fri Jul 21 15:45:30 2023 +0530

    WI1: File1 updated with Day1 session details.

commit f30d6cbb60749a334307312cf743dbf96c20983f
Author: Renuka <renuka_persistent.com>
Date:   Fri Jul 21 15:28:14 2023 +0530

    WI1: File1 is added with Welcome message.

renuka_kulkarni@PSL-6KHCDN3 MINGW64 /d/RBTs/RBTGit21Jul23 (master)
$ git log --since="20/07/2023" --oneline
38d154e (HEAD -> master) WI2:File1 updated with Day2 & 3 details.
e1dbcd6 Config: Added gitIgnore file.
a2d3d07 WI1: File1 updated with Day1 session details.
f30d6cb WI1: File1 is added with Welcome message.

renuka_kulkarni@PSL-6KHCDN3 MINGW64 /d/RBTs/RBTGit21Jul23 (master)
$ git log --until="21/07/2023"
commit 38d154e11290cba734a8c2f0dec38dec1cfbcdca (HEAD -> master)
Author: Renuka <renuka_persistent.com>
Date:   Fri Jul 21 16:20:15 2023 +0530

    WI2:File1 updated with Day2 & 3 details.

commit e1dbcd6448ee5e1d90787e6ccf6350d4973d7467
Author: Renuka <renuka_persistent.com>
Date:   Fri Jul 21 15:53:01 2023 +0530

    Config: Added gitIgnore file.

commit a2d3d07f03581d1ca2629f72ce63188250da1d9e
Author: Renuka <renuka_persistent.com>
Date:   Fri Jul 21 15:45:30 2023 +0530

    WI1: File1 updated with Day1 session details.

commit f30d6cbb60749a334307312cf743dbf96c20983f
Author: Renuka <renuka_persistent.com>
Date:   Fri Jul 21 15:28:14 2023 +0530

    WI1: File1 is added with Welcome message.

renuka_kulkarni@PSL-6KHCDN3 MINGW64 /d/RBTs/RBTGit21Jul23 (master)
$ git log --until="21/07/2023" --oneline
38d154e (HEAD -> master) WI2:File1 updated with Day2 & 3 details.
e1dbcd6 Config: Added gitIgnore file.
a2d3d07 WI1: File1 updated with Day1 session details.
f30d6cb WI1: File1 is added with Welcome message.

renuka_kulkarni@PSL-6KHCDN3 MINGW64 /d/RBTs/RBTGit21Jul23 (master)
$ git log --until="21/07/2023" --oneline -2
38d154e (HEAD -> master) WI2:File1 updated with Day2 & 3 details.
e1dbcd6 Config: Added gitIgnore file.

renuka_kulkarni@PSL-6KHCDN3 MINGW64 /d/RBTs/RBTGit21Jul23 (master)
$ git log --grep="WI1"
commit a2d3d07f03581d1ca2629f72ce63188250da1d9e
Author: Renuka <renuka_persistent.com>
Date:   Fri Jul 21 15:45:30 2023 +0530

    WI1: File1 updated with Day1 session details.

commit f30d6cbb60749a334307312cf743dbf96c20983f
Author: Renuka <renuka_persistent.com>
Date:   Fri Jul 21 15:28:14 2023 +0530

    WI1: File1 is added with Welcome message.

renuka_kulkarni@PSL-6KHCDN3 MINGW64 /d/RBTs/RBTGit21Jul23 (master)
$ git log --grep="message"
commit f30d6cbb60749a334307312cf743dbf96c20983f
Author: Renuka <renuka_persistent.com>
Date:   Fri Jul 21 15:28:14 2023 +0530

    WI1: File1 is added with Welcome message.

renuka_kulkarni@PSL-6KHCDN3 MINGW64 /d/RBTs/RBTGit21Jul23 (master)
$ git log --grep="Day1"
commit a2d3d07f03581d1ca2629f72ce63188250da1d9e
Author: Renuka <renuka_persistent.com>
Date:   Fri Jul 21 15:45:30 2023 +0530

    WI1: File1 updated with Day1 session details.

renuka_kulkarni@PSL-6KHCDN3 MINGW64 /d/RBTs/RBTGit21Jul23 (master)
$ git log --grep="Config"
commit e1dbcd6448ee5e1d90787e6ccf6350d4973d7467
Author: Renuka <renuka_persistent.com>
Date:   Fri Jul 21 15:53:01 2023 +0530

    Config: Added gitIgnore file.

renuka_kulkarni@PSL-6KHCDN3 MINGW64 /d/RBTs/RBTGit21Jul23 (master)
$ git log --grep="Config" --oneline
e1dbcd6 Config: Added gitIgnore file.

renuka_kulkarni@PSL-6KHCDN3 MINGW64 /d/RBTs/RBTGit21Jul23 (master)
$ git log --help

renuka_kulkarni@PSL-6KHCDN3 MINGW64 /d/RBTs/RBTGit21Jul23 (master)
$ git diff
diff --git a/File1.txt b/File1.txt
index 2765547..681a03b 100644
--- a/File1.txt
+++ b/File1.txt
@@ -1,3 +1,4 @@
 Welcome to GIT Session!!!
 We will be learning Basics of GIT today.
 Then GIT Branching, stashing, tagging, rebasing concepts on day2 and day3.
+New line added to check the diff
\ No newline at end of file

renuka_kulkarni@PSL-6KHCDN3 MINGW64 /d/RBTs/RBTGit21Jul23 (master)
$ git diff HEAD
diff --git a/File1.txt b/File1.txt
index 2765547..681a03b 100644
--- a/File1.txt
+++ b/File1.txt
@@ -1,3 +1,4 @@
 Welcome to GIT Session!!!
 We will be learning Basics of GIT today.
 Then GIT Branching, stashing, tagging, rebasing concepts on day2 and day3.
+New line added to check the diff
\ No newline at end of file

renuka_kulkarni@PSL-6KHCDN3 MINGW64 /d/RBTs/RBTGit21Jul23 (master)
$ git diff --cached

renuka_kulkarni@PSL-6KHCDN3 MINGW64 /d/RBTs/RBTGit21Jul23 (master)
$ git add .

renuka_kulkarni@PSL-6KHCDN3 MINGW64 /d/RBTs/RBTGit21Jul23 (master)
$ git diff --cached
diff --git a/File1.txt b/File1.txt
index 2765547..681a03b 100644
--- a/File1.txt
+++ b/File1.txt
@@ -1,3 +1,4 @@
 Welcome to GIT Session!!!
 We will be learning Basics of GIT today.
 Then GIT Branching, stashing, tagging, rebasing concepts on day2 and day3.
+New line added to check the diff
\ No newline at end of file

renuka_kulkarni@PSL-6KHCDN3 MINGW64 /d/RBTs/RBTGit21Jul23 (master)
$ git diff

renuka_kulkarni@PSL-6KHCDN3 MINGW64 /d/RBTs/RBTGit21Jul23 (master)
$
